mode: set
studygolang/test/adder/adder.go:5.24,7.2 1 1
studygolang/test/adder/adder.go:10.12,12.2 1 0
